../Src/ansi.c:7:6:fgcolor	24	static
../Src/ansi.c:27:6:bgcolor	16	static
../Src/ansi.c:49:6:color	32	static
../Src/ansi.c:59:6:resetbgcolor	8	static
../Src/ansi.c:65:6:clrscr	8	static
../Src/ansi.c:69:6:clreol	8	static
../Src/ansi.c:73:6:gotoxy	16	static
../Src/ansi.c:77:6:underline	16	static
../Src/ansi.c:81:6:blink	16	static
../Src/ansi.c:85:6:inverse	16	static
../Src/ansi.c:89:6:moveup	16	static
../Src/ansi.c:93:6:movedown	16	static
../Src/ansi.c:97:6:moveright	16	static
../Src/ansi.c:101:6:moveleft	16	static
../Src/ansi.c:106:6:window	56	static
../Src/ansi.c:178:6:notitlewindow	56	static
